// Jest Snapshot v1, https://goo.gl/fbAQLP

exports[`RegistrationPage SignUpPage1 Page renders correctly 1`] = `
<KeyboardAvoidingView
  enabled={true}
  keyboardVerticalOffset={0}
  style={
    Object {
      "backgroundColor": "white",
      "flex": 1,
      "width": "100%",
    }
  }
>
  <ScrollViewMock
    style={
      Object {
        "height": "100%",
        "width": "100%",
      }
    }
  >
    <Text
      style={
        Object {
          "alignSelf": "center",
          "display": "flex",
          "fontSize": 30,
          "fontWeight": "bold",
          "marginBottom": 60,
          "marginTop": 20,
          "width": "90%",
        }
      }
    >
      Create Your FunDoo Account
    </Text>
    <TextInput
      allowFontScaling={true}
      onChangeText={[Function]}
      placeholder="First Name"
      rejectResponderTermination={true}
      style={
        Object {
          "alignSelf": "center",
          "borderColor": "#FF9800",
          "borderWidth": 0.7,
          "height": "8%",
          "width": "90%",
        }
      }
      underlineColorAndroid="transparent"
    />
    <Text
      style={
        Object {
          "color": "red",
          "flexDirection": "row",
          "fontSize": 11,
          "marginHorizontal": 30,
          "marginTop": 1,
          "width": "90%",
        }
      }
    />
    <TextInput
      allowFontScaling={true}
      onChangeText={[Function]}
      placeholder="Last Name"
      rejectResponderTermination={true}
      style={
        Object {
          "alignSelf": "center",
          "borderColor": "#FF9800",
          "borderWidth": 0.7,
          "height": "8%",
          "width": "90%",
        }
      }
      testID="lastName"
      underlineColorAndroid="transparent"
    />
    <Text
      style={
        Object {
          "color": "red",
          "flexDirection": "row",
          "fontSize": 11,
          "marginHorizontal": 30,
          "marginTop": 1,
          "width": "90%",
        }
      }
    />
    <TextInput
      allowFontScaling={true}
      autoCapitalize="none"
      onChangeText={[Function]}
      placeholder="Email-Address"
      rejectResponderTermination={true}
      style={
        Object {
          "alignSelf": "center",
          "borderColor": "#FF9800",
          "borderWidth": 0.7,
          "height": "8%",
          "width": "90%",
        }
      }
      underlineColorAndroid="transparent"
    />
    <Text
      style={
        Object {
          "color": "red",
          "flexDirection": "row",
          "fontSize": 11,
          "marginHorizontal": 30,
          "marginTop": 1,
          "width": "90%",
        }
      }
    />
    <Text
      style={
        Object {
          "alignSelf": "center",
          "marginTop": -3,
          "width": "90%",
        }
      }
    >
      You can use letters, numbers & Periods
    </Text>
    <View
      style={
        Object {
          "alignSelf": "center",
          "display": "flex",
          "flexDirection": "row",
        }
      }
    >
      <TextInput
        allowFontScaling={true}
        autoCapitalize="none"
        autoCorrect={false}
        onChangeText={[Function]}
        placeholder="Password"
        rejectResponderTermination={true}
        secureTextEntry={true}
        style={
          Object {
            "alignSelf": "flex-start",
            "borderColor": "#FF9800",
            "borderWidth": 0.7,
            "height": "70%",
            "marginHorizontal": 10,
            "marginTop": 10,
            "width": "38%",
          }
        }
        underlineColorAndroid="transparent"
      />
      <TextInput
        allowFontScaling={true}
        autoCapitalize="none"
        autoCorrect={false}
        onChangeText={[Function]}
        placeholder="Confirm Password"
        rejectResponderTermination={true}
        secureTextEntry={true}
        style={
          Object {
            "alignSelf": "flex-start",
            "borderColor": "#FF9800",
            "borderWidth": 0.7,
            "height": "70%",
            "marginHorizontal": 10,
            "marginTop": 10,
            "width": "38%",
          }
        }
        underlineColorAndroid="transparent"
      />
      <TouchableOpacity
        activeOpacity={0.8}
        onPress={[Function]}
        style={
          Object {
            "height": 23,
            "position": "relative",
            "top": 20,
            "width": 25,
          }
        }
      >
        <Image
          source={
            Object {
              "testUri": "../../../src/Asserts/hide.png",
            }
          }
          style={
            Object {
              "height": "100%",
              "resizeMode": "center",
              "width": "100%",
            }
          }
        />
      </TouchableOpacity>
    </View>
    <View
      style={
        Object {
          "display": "flex",
          "flexDirection": "row",
        }
      }
    >
      <Text
        style={
          Object {
            "color": "red",
            "flexDirection": "row",
            "fontSize": 11,
            "marginHorizontal": 30,
            "marginTop": -6,
            "width": "35%",
          }
        }
      />
      <Text
        style={
          Object {
            "color": "red",
            "flexDirection": "row",
            "fontSize": 11,
            "marginHorizontal": 30,
            "marginTop": -6,
            "width": "35%",
          }
        }
      />
    </View>
    <Text
      style={
        Object {
          "alignSelf": "center",
          "marginBottom": 20,
          "width": "90%",
        }
      }
    >
      Use 8 or more character with a mix of letters, number and Symbols.
    </Text>
    <View
      style={
        Object {
          "alignSelf": "center",
          "display": "flex",
          "flexDirection": "row",
        }
      }
    >
      <TouchableOpacity
        activeOpacity={0.2}
        onPress={[Function]}
        style={
          Object {
            "alignSelf": "center",
            "backgroundColor": "#FF9800",
            "fontSize": 30,
            "height": 40,
            "margin": 10,
            "width": "40%",
          }
        }
      >
        <Text
          style={
            Object {
              "alignSelf": "center",
              "color": "white",
              "padding": 10,
            }
          }
        >
           Register 
        </Text>
      </TouchableOpacity>
      <TouchableOpacity
        activeOpacity={0.2}
        onPress={[Function]}
        style={
          Object {
            "alignSelf": "center",
            "backgroundColor": "#FF9800",
            "fontSize": 30,
            "height": 40,
            "margin": 10,
            "width": "40%",
          }
        }
      >
        <Text
          style={
            Object {
              "alignSelf": "center",
              "color": "white",
              "padding": 10,
            }
          }
        >
           Login 
        </Text>
      </TouchableOpacity>
    </View>
  </ScrollViewMock>
</KeyboardAvoidingView>
`;
